This file contains any messages produced by compilers while
running configure, to aid debugging if configure makes a mistake.

It was created by libjpeg configure 9.3.0, which was
generated by GNU Autoconf 2.69.  Invocation command line was

  $ ./configure --host=x86_64-w64-mingw32 --prefix=/home/eugene/trigger-win64-root CFLAGS=-march=x86-64 -mtune=generic -O2 -m64 LDFLAGS=-m64

## --------- ##
## Platform. ##
## --------- ##

hostname = eugene-TERRA-MOBILE-1749
uname -m = x86_64
uname -r = 6.8.0-71-generic
uname -s = Linux
uname -v = #71-Ubuntu SMP PREEMPT_DYNAMIC Tue Jul 22 16:52:38 UTC 2025

/usr/bin/uname -p = x86_64
/bin/uname -X     = unknown

/bin/arch              = x86_64
/usr/bin/arch -k       = unknown
/usr/convex/getsysinfo = unknown
/usr/bin/hostinfo      = unknown
/bin/machine           = unknown
/usr/bin/oslevel       = unknown
/bin/universe          = unknown

PATH: /home/eugene/.local/bin
PATH: /usr/local/sbin
PATH: /usr/local/bin
PATH: /usr/sbin
PATH: /usr/bin
PATH: /sbin
PATH: /bin
PATH: /usr/games
PATH: /usr/local/games
PATH: /snap/bin


## ----------- ##
## Core tests. ##
## ----------- ##

configure:2272: checking build system type
configure:2286: result: x86_64-pc-linux-gnu
configure:2306: checking host system type
configure:2319: result: x86_64-w64-mingw32
configure:2339: checking target system type
configure:2352: result: x86_64-w64-mingw32
configure:2397: checking for a BSD-compatible install
configure:2465: result: /usr/bin/install -c
configure:2476: checking whether build environment is sane
configure:2531: result: yes
configure:2590: checking for x86_64-w64-mingw32-strip
configure:2617: result: x86_64-w64-mingw32-strip
configure:2682: checking for a thread-safe mkdir -p
configure:2721: result: /usr/bin/mkdir -p
configure:2728: checking for gawk
configure:2744: found /usr/bin/gawk
configure:2755: result: gawk
configure:2766: checking whether make sets $(MAKE)
configure:2788: result: yes
configure:2817: checking whether make supports nested variables
configure:2834: result: yes
configure:2975: checking whether make supports nested variables
configure:2992: result: yes
configure:3008: checking whether to enable maintainer-specific portions of Makefiles
configure:3017: result: no
configure:3040: checking for x86_64-w64-mingw32-gcc
configure:3067: result: x86_64-w64-mingw32-gcc
configure:3336: checking for C compiler version
configure:3345: x86_64-w64-mingw32-gcc --version >&5
x86_64-w64-mingw32-gcc (GCC) 13-win32
Copyright (C) 2023 Free Software Foundation, Inc.
This is free software; see the source for copying conditions.  There is NO
warranty; not even for MERCHANTABILITY or FITNESS FOR A PARTICULAR PURPOSE.

configure:3356: $? = 0
configure:3345: x86_64-w64-mingw32-gcc -v >&5
Using built-in specs.
COLLECT_GCC=x86_64-w64-mingw32-gcc
COLLECT_LTO_WRAPPER=/usr/lib/gcc/x86_64-w64-mingw32/13-win32/lto-wrapper
Target: x86_64-w64-mingw32
Configured with: ../../src/configure --build=x86_64-linux-gnu --prefix=/usr --includedir='/usr/include' --mandir='/usr/share/man' --infodir='/usr/share/info' --sysconfdir=/etc --localstatedir=/var --disable-option-checking --disable-silent-rules --libdir='/usr/lib/x86_64-linux-gnu' --libexecdir='/usr/lib/x86_64-linux-gnu' --disable-maintainer-mode --disable-dependency-tracking --prefix=/usr --enable-shared --enable-static --disable-multilib --with-system-zlib --libexecdir=/usr/lib --without-included-gettext --libdir=/usr/lib --enable-libstdcxx-time=yes --with-tune=generic --with-headers --enable-version-specific-runtime-libs --enable-fully-dynamic-string --enable-libgomp --enable-languages=c,c++,fortran,objc,obj-c++,ada --enable-lto --enable-threads=win32 --program-suffix=-win32 --program-prefix=x86_64-w64-mingw32- --target=x86_64-w64-mingw32 --with-as=/usr/bin/x86_64-w64-mingw32-as --with-ld=/usr/bin/x86_64-w64-mingw32-ld --enable-libatomic --enable-libstdcxx-filesystem-ts=yes --enable-dependency-tracking SED=/bin/sed
Thread model: win32
Supported LTO compression algorithms: zlib zstd
gcc version 13-win32 (GCC) 
configure:3356: $? = 0
configure:3345: x86_64-w64-mingw32-gcc -V >&5
x86_64-w64-mingw32-gcc: error: unrecognized command-line option '-V'
x86_64-w64-mingw32-gcc: fatal error: no input files
compilation terminated.
configure:3356: $? = 1
configure:3345: x86_64-w64-mingw32-gcc -qversion >&5
x86_64-w64-mingw32-gcc: error: unrecognized command-line option '-qversion'; did you mean '--version'?
x86_64-w64-mingw32-gcc: fatal error: no input files
compilation terminated.
configure:3356: $? = 1
configure:3376: checking whether the C compiler works
configure:3398: x86_64-w64-mingw32-gcc -march=x86-64 -mtune=generic -O2 -m64  -m64 conftest.c  >&5
configure:3402: $? = 0
configure:3450: result: yes
configure:3453: checking for C compiler default output file name
configure:3455: result: a.exe
configure:3461: checking for suffix of executables
configure:3468: x86_64-w64-mingw32-gcc -o conftest.exe -march=x86-64 -mtune=generic -O2 -m64  -m64 conftest.c  >&5
configure:3472: $? = 0
configure:3494: result: .exe
configure:3516: checking whether we are cross compiling
configure:3524: x86_64-w64-mingw32-gcc -o conftest.exe -march=x86-64 -mtune=generic -O2 -m64  -m64 conftest.c  >&5
configure:3528: $? = 0
configure:3535: ./conftest.exe
./configure: line 3537: ./conftest.exe: cannot execute binary file: Exec format error
configure:3539: $? = 126
configure:3554: result: yes
configure:3559: checking for suffix of object files
configure:3581: x86_64-w64-mingw32-gcc -c -march=x86-64 -mtune=generic -O2 -m64  conftest.c >&5
configure:3585: $? = 0
configure:3606: result: o
configure:3610: checking whether we are using the GNU C compiler
configure:3629: x86_64-w64-mingw32-gcc -c -march=x86-64 -mtune=generic -O2 -m64  conftest.c >&5
configure:3629: $? = 0
configure:3638: result: yes
configure:3647: checking whether x86_64-w64-mingw32-gcc accepts -g
configure:3667: x86_64-w64-mingw32-gcc -c -g  conftest.c >&5
configure:3667: $? = 0
configure:3708: result: yes
configure:3725: checking for x86_64-w64-mingw32-gcc option to accept ISO C89
configure:3788: x86_64-w64-mingw32-gcc  -c -march=x86-64 -mtune=generic -O2 -m64  conftest.c >&5
configure:3788: $? = 0
configure:3801: result: none needed
configure:3826: checking whether x86_64-w64-mingw32-gcc understands -c and -o together
configure:3848: x86_64-w64-mingw32-gcc -c conftest.c -o conftest2.o
configure:3851: $? = 0
configure:3848: x86_64-w64-mingw32-gcc -c conftest.c -o conftest2.o
configure:3851: $? = 0
configure:3863: result: yes
configure:3891: checking for style of include used by make
configure:3919: result: GNU
configure:3945: checking dependency style of x86_64-w64-mingw32-gcc
configure:4056: result: gcc3
configure:4075: checking for x86_64-w64-mingw32-gcc option to accept ISO C99
configure:4224: x86_64-w64-mingw32-gcc  -c -march=x86-64 -mtune=generic -O2 -m64  conftest.c >&5
configure:4224: $? = 0
configure:4237: result: none needed
configure:4345: checking for x86_64-w64-mingw32-gcc option to accept ISO Standard C
configure:4356: result: none needed
configure:4368: checking how to run the C preprocessor
configure:4399: x86_64-w64-mingw32-gcc -E  conftest.c
configure:4399: $? = 0
configure:4413: x86_64-w64-mingw32-gcc -E  conftest.c
conftest.c:11:10: fatal error: ac_nonexistent.h: No such file or directory
   11 | #include <ac_nonexistent.h>
      |          ^~~~~~~~~~~~~~~~~~
compilation terminated.
configure:4413: $? = 1
configure: failed program was:
| /* confdefs.h */
| #define PACKAGE_NAME "libjpeg"
| #define PACKAGE_TARNAME "libjpeg"
| #define PACKAGE_VERSION "9.3.0"
| #define PACKAGE_STRING "libjpeg 9.3.0"
| #define PACKAGE_BUGREPORT ""
| #define PACKAGE_URL ""
| #define PACKAGE "libjpeg"
| #define VERSION "9.3.0"
| /* end confdefs.h.  */
| #include <ac_nonexistent.h>
configure:4438: result: x86_64-w64-mingw32-gcc -E
configure:4458: x86_64-w64-mingw32-gcc -E  conftest.c
configure:4458: $? = 0
configure:4472: x86_64-w64-mingw32-gcc -E  conftest.c
conftest.c:11:10: fatal error: ac_nonexistent.h: No such file or directory
   11 | #include <ac_nonexistent.h>
      |          ^~~~~~~~~~~~~~~~~~
compilation terminated.
configure:4472: $? = 1
configure: failed program was:
| /* confdefs.h */
| #define PACKAGE_NAME "libjpeg"
| #define PACKAGE_TARNAME "libjpeg"
| #define PACKAGE_VERSION "9.3.0"
| #define PACKAGE_STRING "libjpeg 9.3.0"
| #define PACKAGE_BUGREPORT ""
| #define PACKAGE_URL ""
| #define PACKAGE "libjpeg"
| #define VERSION "9.3.0"
| /* end confdefs.h.  */
| #include <ac_nonexistent.h>
configure:4501: checking whether make sets $(MAKE)
configure:4523: result: yes
configure:4532: checking whether ln -s works
configure:4536: result: yes
configure:4549: checking for x86_64-w64-mingw32-ar
configure:4565: found /usr/bin/x86_64-w64-mingw32-ar
configure:4576: result: x86_64-w64-mingw32-ar
configure:4646: checking the archiver (x86_64-w64-mingw32-ar) interface
configure:4662: x86_64-w64-mingw32-gcc -c -march=x86-64 -mtune=generic -O2 -m64  conftest.c >&5
configure:4662: $? = 0
configure:4664: x86_64-w64-mingw32-ar cru libconftest.a conftest.o >&5
x86_64-w64-mingw32-ar: `u' modifier ignored since `D' is the default (see `U')
configure:4667: $? = 0
configure:4695: result: ar
configure:4724: checking if LD -Wl,--version-script works
configure:4748: x86_64-w64-mingw32-gcc -o conftest.exe -march=x86-64 -mtune=generic -O2 -m64  -m64 -Wl,--version-script=conftest.map conftest.c  >&5
configure:4748: $? = 0
configure:4757: result: yes
configure:4770: checking for function prototypes
configure:4790: x86_64-w64-mingw32-gcc -c -march=x86-64 -mtune=generic -O2 -m64  conftest.c >&5
configure:4790: $? = 0
configure:4798: result: yes
configure:4819: checking for grep that handles long lines and -e
configure:4877: result: /usr/bin/grep
configure:4882: checking for egrep
configure:4944: result: /usr/bin/grep -E
configure:4949: checking for ANSI C header files
configure:4969: x86_64-w64-mingw32-gcc -c -march=x86-64 -mtune=generic -O2 -m64  conftest.c >&5
configure:4969: $? = 0
configure:5053: result: yes
configure:5066: checking for sys/types.h
configure:5066: x86_64-w64-mingw32-gcc -c -march=x86-64 -mtune=generic -O2 -m64  conftest.c >&5
configure:5066: $? = 0
configure:5066: result: yes
configure:5066: checking for sys/stat.h
configure:5066: x86_64-w64-mingw32-gcc -c -march=x86-64 -mtune=generic -O2 -m64  conftest.c >&5
configure:5066: $? = 0
configure:5066: result: yes
configure:5066: checking for stdlib.h
configure:5066: x86_64-w64-mingw32-gcc -c -march=x86-64 -mtune=generic -O2 -m64  conftest.c >&5
configure:5066: $? = 0
configure:5066: result: yes
configure:5066: checking for string.h
configure:5066: x86_64-w64-mingw32-gcc -c -march=x86-64 -mtune=generic -O2 -m64  conftest.c >&5
configure:5066: $? = 0
configure:5066: result: yes
configure:5066: checking for memory.h
configure:5066: x86_64-w64-mingw32-gcc -c -march=x86-64 -mtune=generic -O2 -m64  conftest.c >&5
configure:5066: $? = 0
configure:5066: result: yes
configure:5066: checking for strings.h
configure:5066: x86_64-w64-mingw32-gcc -c -march=x86-64 -mtune=generic -O2 -m64  conftest.c >&5
configure:5066: $? = 0
configure:5066: result: yes
configure:5066: checking for inttypes.h
configure:5066: x86_64-w64-mingw32-gcc -c -march=x86-64 -mtune=generic -O2 -m64  conftest.c >&5
configure:5066: $? = 0
configure:5066: result: yes
configure:5066: checking for stdint.h
configure:5066: x86_64-w64-mingw32-gcc -c -march=x86-64 -mtune=generic -O2 -m64  conftest.c >&5
configure:5066: $? = 0
configure:5066: result: yes
configure:5066: checking for unistd.h
configure:5066: x86_64-w64-mingw32-gcc -c -march=x86-64 -mtune=generic -O2 -m64  conftest.c >&5
configure:5066: $? = 0
configure:5066: result: yes
configure:5081: checking stddef.h usability
configure:5081: x86_64-w64-mingw32-gcc -c -march=x86-64 -mtune=generic -O2 -m64  conftest.c >&5
configure:5081: $? = 0
configure:5081: result: yes
configure:5081: checking stddef.h presence
configure:5081: x86_64-w64-mingw32-gcc -E  conftest.c
configure:5081: $? = 0
configure:5081: result: yes
configure:5081: checking for stddef.h
configure:5081: result: yes
configure:5081: checking for stdlib.h
configure:5081: result: yes
configure:5081: checking locale.h usability
configure:5081: x86_64-w64-mingw32-gcc -c -march=x86-64 -mtune=generic -O2 -m64  conftest.c >&5
configure:5081: $? = 0
configure:5081: result: yes
configure:5081: checking locale.h presence
configure:5081: x86_64-w64-mingw32-gcc -E  conftest.c
configure:5081: $? = 0
configure:5081: result: yes
configure:5081: checking for locale.h
configure:5081: result: yes
configure:5091: checking for string.h
configure:5091: result: yes
configure:5104: checking for size_t
configure:5131: x86_64-w64-mingw32-gcc -c -march=x86-64 -mtune=generic -O2 -m64  conftest.c >&5
configure:5131: $? = 0
configure:5137: result: yes
configure:5173: checking for type unsigned char
configure:5186: x86_64-w64-mingw32-gcc -c -march=x86-64 -mtune=generic -O2 -m64  conftest.c >&5
configure:5186: $? = 0
configure:5187: result: yes
configure:5198: checking for type unsigned short
configure:5211: x86_64-w64-mingw32-gcc -c -march=x86-64 -mtune=generic -O2 -m64  conftest.c >&5
configure:5211: $? = 0
configure:5212: result: yes
configure:5223: checking for type void
configure:5257: x86_64-w64-mingw32-gcc -c -march=x86-64 -mtune=generic -O2 -m64  conftest.c >&5
configure:5257: $? = 0
configure:5258: result: yes
configure:5268: checking for an ANSI C-conforming const
configure:5334: x86_64-w64-mingw32-gcc -c -march=x86-64 -mtune=generic -O2 -m64  conftest.c >&5
configure:5334: $? = 0
configure:5341: result: yes
configure:5351: checking for inline
configure:5366: x86_64-w64-mingw32-gcc -c -march=x86-64 -mtune=generic -O2 -m64  conftest.c >&5
configure:5366: $? = 0
configure:5404: result: __inline__
configure:5413: checking for broken incomplete types
configure:5426: x86_64-w64-mingw32-gcc -c -march=x86-64 -mtune=generic -O2 -m64  conftest.c >&5
configure:5426: $? = 0
configure:5427: result: ok
configure:5439: checking for short external names
configure:5455: x86_64-w64-mingw32-gcc -o conftest.exe -march=x86-64 -mtune=generic -O2 -m64  -m64 conftest.c  >&5
configure:5455: $? = 0
configure:5456: result: ok
configure:5469: checking to see if char is signed
configure:5473: WARNING: Assuming that char is signed on target machine.
    If it is unsigned, this will be a little bit inefficient.
configure:5521: checking to see if right shift is signed
configure:5524: result: Assuming that right shift is signed on target machine.
configure:5576: checking to see if fopen accepts b spec
configure:5579: result: Assuming that it does.
configure:5618: checking for x86_64-w64-mingw32-as
configure:5634: found /usr/bin/x86_64-w64-mingw32-as
configure:5645: result: x86_64-w64-mingw32-as
configure:5710: checking for x86_64-w64-mingw32-dlltool
configure:5726: found /usr/bin/x86_64-w64-mingw32-dlltool
configure:5737: result: x86_64-w64-mingw32-dlltool
configure:5802: checking for x86_64-w64-mingw32-objdump
configure:5818: found /usr/bin/x86_64-w64-mingw32-objdump
configure:5829: result: x86_64-w64-mingw32-objdump
configure:5960: checking how to print strings
configure:5987: result: printf
configure:6008: checking for a sed that does not truncate output
configure:6072: result: /usr/bin/sed
configure:6090: checking for fgrep
configure:6152: result: /usr/bin/grep -F
configure:6187: checking for ld used by x86_64-w64-mingw32-gcc
configure:6254: result: /usr/bin/x86_64-w64-mingw32-ld
configure:6261: checking if the linker (/usr/bin/x86_64-w64-mingw32-ld) is GNU ld
configure:6276: result: yes
configure:6288: checking for BSD- or MS-compatible name lister (nm)
configure:6342: result: /usr/bin/x86_64-w64-mingw32-nm -B
configure:6472: checking the name lister (/usr/bin/x86_64-w64-mingw32-nm -B) interface
configure:6479: x86_64-w64-mingw32-gcc -c -march=x86-64 -mtune=generic -O2 -m64  conftest.c >&5
configure:6482: /usr/bin/x86_64-w64-mingw32-nm -B "conftest.o"
configure:6485: output
0000000000000000 b .bss
0000000000000000 d .data
0000000000000000 r .rdata$zzz
0000000000000000 t .text
0000000000000000 B some_variable
configure:6492: result: BSD nm
configure:6496: checking the maximum length of command line arguments
configure:6627: result: 1572864
configure:6675: checking how to convert x86_64-pc-linux-gnu file names to x86_64-w64-mingw32 format
configure:6715: result: func_convert_file_nix_to_w32
configure:6722: checking how to convert x86_64-pc-linux-gnu file names to toolchain format
configure:6742: result: func_convert_file_noop
configure:6749: checking for /usr/bin/x86_64-w64-mingw32-ld option to reload object files
configure:6756: result: -r
configure:6790: checking for x86_64-w64-mingw32-objdump
configure:6817: result: x86_64-w64-mingw32-objdump
configure:6886: checking how to recognize dependent libraries
configure:7086: result: file_magic ^x86 archive import|^x86 DLL
configure:7131: checking for x86_64-w64-mingw32-dlltool
configure:7158: result: x86_64-w64-mingw32-dlltool
configure:7228: checking how to associate runtime and link libraries
configure:7255: result: func_cygming_dll_for_implib
configure:7271: checking for x86_64-w64-mingw32-ar
configure:7298: result: x86_64-w64-mingw32-ar
configure:7379: checking for archiver @FILE support
configure:7396: x86_64-w64-mingw32-gcc -c -march=x86-64 -mtune=generic -O2 -m64  conftest.c >&5
configure:7396: $? = 0
configure:7399: x86_64-w64-mingw32-ar cru libconftest.a @conftest.lst >&5
x86_64-w64-mingw32-ar: `u' modifier ignored since `D' is the default (see `U')
configure:7402: $? = 0
configure:7407: x86_64-w64-mingw32-ar cru libconftest.a @conftest.lst >&5
x86_64-w64-mingw32-ar: `u' modifier ignored since `D' is the default (see `U')
x86_64-w64-mingw32-ar: conftest.o: No such file or directory
configure:7410: $? = 1
configure:7422: result: @
configure:7440: checking for x86_64-w64-mingw32-strip
configure:7467: result: x86_64-w64-mingw32-strip
configure:7539: checking for x86_64-w64-mingw32-ranlib
configure:7555: found /usr/bin/x86_64-w64-mingw32-ranlib
configure:7566: result: x86_64-w64-mingw32-ranlib
configure:7708: checking command to parse /usr/bin/x86_64-w64-mingw32-nm -B output from x86_64-w64-mingw32-gcc object
configure:7861: x86_64-w64-mingw32-gcc -c -march=x86-64 -mtune=generic -O2 -m64  conftest.c >&5
configure:7864: $? = 0
configure:7868: /usr/bin/x86_64-w64-mingw32-nm -B conftest.o \| sed -n -e 's/^.*[ ]\([ABCDGIRSTW][ABCDGIRSTW]*\)[ ][ ]*\([_A-Za-z][_A-Za-z0-9]*\)$/\1 \2 \2/p' | sed '/ __gnu_lto/d' \> conftest.nm
configure:7871: $? = 0
configure:7937: x86_64-w64-mingw32-gcc -o conftest.exe -march=x86-64 -mtune=generic -O2 -m64  -m64 conftest.c conftstm.o >&5
configure:7940: $? = 0
configure:7978: result: ok
configure:8025: checking for sysroot
configure:8055: result: no
configure:8062: checking for a working dd
configure:8100: result: /usr/bin/dd
configure:8104: checking how to truncate binary pipes
configure:8119: result: /usr/bin/dd bs=4096 count=1
configure:8408: checking for x86_64-w64-mingw32-mt
configure:8438: result: no
configure:8448: checking for mt
configure:8464: found /usr/bin/mt
configure:8475: result: mt
configure:8487: WARNING: using cross tools not prefixed with host triplet
configure:8498: checking if mt is a manifest tool
configure:8504: mt '-?'
configure:8512: result: no
configure:9186: checking for dlfcn.h
configure:9186: x86_64-w64-mingw32-gcc -c -march=x86-64 -mtune=generic -O2 -m64  conftest.c >&5
conftest.c:62:10: fatal error: dlfcn.h: No such file or directory
   62 | #include <dlfcn.h>
      |          ^~~~~~~~~
compilation terminated.
configure:9186: $? = 1
configure: failed program was:
| /* confdefs.h */
| #define PACKAGE_NAME "libjpeg"
| #define PACKAGE_TARNAME "libjpeg"
| #define PACKAGE_VERSION "9.3.0"
| #define PACKAGE_STRING "libjpeg 9.3.0"
| #define PACKAGE_BUGREPORT ""
| #define PACKAGE_URL ""
| #define PACKAGE "libjpeg"
| #define VERSION "9.3.0"
| #define HAVE_PROTOTYPES 1
| #define STDC_HEADERS 1
| #define HAVE_SYS_TYPES_H 1
| #define HAVE_SYS_STAT_H 1
| #define HAVE_STDLIB_H 1
| #define HAVE_STRING_H 1
| #define HAVE_MEMORY_H 1
| #define HAVE_STRINGS_H 1
| #define HAVE_INTTYPES_H 1
| #define HAVE_STDINT_H 1
| #define HAVE_UNISTD_H 1
| #define HAVE_STDDEF_H 1
| #define HAVE_STDLIB_H 1
| #define HAVE_LOCALE_H 1
| #define HAVE_UNSIGNED_CHAR 1
| #define HAVE_UNSIGNED_SHORT 1
| #define INLINE __inline__
| /* end confdefs.h.  */
| #include <stdio.h>
| #ifdef HAVE_SYS_TYPES_H
| # include <sys/types.h>
| #endif
| #ifdef HAVE_SYS_STAT_H
| # include <sys/stat.h>
| #endif
| #ifdef STDC_HEADERS
| # include <stdlib.h>
| # include <stddef.h>
| #else
| # ifdef HAVE_STDLIB_H
| #  include <stdlib.h>
| # endif
| #endif
| #ifdef HAVE_STRING_H
| # if !defined STDC_HEADERS && defined HAVE_MEMORY_H
| #  include <memory.h>
| # endif
| # include <string.h>
| #endif
| #ifdef HAVE_STRINGS_H
| # include <strings.h>
| #endif
| #ifdef HAVE_INTTYPES_H
| # include <inttypes.h>
| #endif
| #ifdef HAVE_STDINT_H
| # include <stdint.h>
| #endif
| #ifdef HAVE_UNISTD_H
| # include <unistd.h>
| #endif
| 
| #include <dlfcn.h>
configure:9186: result: no
configure:9440: checking for objdir
configure:9455: result: .libs
configure:9715: checking if x86_64-w64-mingw32-gcc supports -fno-rtti -fno-exceptions
configure:9733: x86_64-w64-mingw32-gcc -c -march=x86-64 -mtune=generic -O2 -m64  -fno-rtti -fno-exceptions conftest.c >&5
cc1: warning: command-line option '-fno-rtti' is valid for C++/D/ObjC++ but not for C
configure:9737: $? = 0
configure:9750: result: no
configure:10108: checking for x86_64-w64-mingw32-gcc option to produce PIC
configure:10115: result: -DDLL_EXPORT -DPIC
configure:10123: checking if x86_64-w64-mingw32-gcc PIC flag -DDLL_EXPORT -DPIC works
configure:10141: x86_64-w64-mingw32-gcc -c -march=x86-64 -mtune=generic -O2 -m64  -DDLL_EXPORT -DPIC -DPIC conftest.c >&5
configure:10145: $? = 0
configure:10158: result: yes
configure:10187: checking if x86_64-w64-mingw32-gcc static flag -static works
configure:10215: result: yes
configure:10230: checking if x86_64-w64-mingw32-gcc supports -c -o file.o
configure:10251: x86_64-w64-mingw32-gcc -c -march=x86-64 -mtune=generic -O2 -m64  -o out/conftest2.o conftest.c >&5
configure:10255: $? = 0
configure:10277: result: yes
configure:10285: checking if x86_64-w64-mingw32-gcc supports -c -o file.o
configure:10332: result: yes
configure:10365: checking whether the x86_64-w64-mingw32-gcc linker (/usr/bin/x86_64-w64-mingw32-ld) supports shared libraries
configure:11624: result: yes
configure:11661: checking whether -lc should be explicitly linked in
configure:11669: x86_64-w64-mingw32-gcc -c -march=x86-64 -mtune=generic -O2 -m64  conftest.c >&5
configure:11672: $? = 0
configure:11687: x86_64-w64-mingw32-gcc -shared conftest.o  -v -o ./conftest -Wl,--enable-auto-image-base -Xlinker --out-implib -Xlinker conftest 2\>\&1 \| /usr/bin/grep  -lc  \>/dev/null 2\>\&1
configure:11690: $? = 1
configure:11704: result: yes
configure:11864: checking dynamic linker characteristics
configure:12682: result: Win32 ld.exe
configure:12804: checking how to hardcode library paths into programs
configure:12829: result: immediate
configure:13377: checking whether stripping libraries is possible
configure:13382: result: yes
configure:13417: checking if libtool supports shared libraries
configure:13419: result: yes
configure:13422: checking whether to build shared libraries
configure:13447: result: yes
configure:13450: checking whether to build static libraries
configure:13454: result: yes
configure:13573: checking libjpeg version number
configure:13579: result: 12:0:3
configure:13685: checking that generated files are newer than configure
configure:13691: result: done
configure:13722: creating ./config.status

## ---------------------- ##
## Running config.status. ##
## ---------------------- ##

This file was extended by libjpeg config.status 9.3.0, which was
generated by GNU Autoconf 2.69.  Invocation command line was

  CONFIG_FILES    = 
  CONFIG_HEADERS  = 
  CONFIG_LINKS    = 
  CONFIG_COMMANDS = 
  $ ./config.status 

on eugene-TERRA-MOBILE-1749

config.status:1116: creating Makefile
config.status:1116: creating libjpeg.pc
config.status:1116: creating jconfig.h
config.status:1297: jconfig.h is unchanged
config.status:1345: executing depfiles commands
config.status:1345: executing libtool commands

## ---------------- ##
## Cache variables. ##
## ---------------- ##

ac_cv_build=x86_64-pc-linux-gnu
ac_cv_c_compiler_gnu=yes
ac_cv_c_const=yes
ac_cv_env_CC_set=set
ac_cv_env_CC_value=x86_64-w64-mingw32-gcc
ac_cv_env_CFLAGS_set=set
ac_cv_env_CFLAGS_value='-march=x86-64 -mtune=generic -O2 -m64'
ac_cv_env_CPPFLAGS_set=
ac_cv_env_CPPFLAGS_value=
ac_cv_env_CPP_set=
ac_cv_env_CPP_value=
ac_cv_env_LDFLAGS_set=set
ac_cv_env_LDFLAGS_value=-m64
ac_cv_env_LIBS_set=
ac_cv_env_LIBS_value=
ac_cv_env_LT_SYS_LIBRARY_PATH_set=
ac_cv_env_LT_SYS_LIBRARY_PATH_value=
ac_cv_env_build_alias_set=
ac_cv_env_build_alias_value=
ac_cv_env_host_alias_set=set
ac_cv_env_host_alias_value=x86_64-w64-mingw32
ac_cv_env_target_alias_set=
ac_cv_env_target_alias_value=
ac_cv_exeext=.exe
ac_cv_header_dlfcn_h=no
ac_cv_header_inttypes_h=yes
ac_cv_header_locale_h=yes
ac_cv_header_memory_h=yes
ac_cv_header_stdc=yes
ac_cv_header_stddef_h=yes
ac_cv_header_stdint_h=yes
ac_cv_header_stdlib_h=yes
ac_cv_header_string_h=yes
ac_cv_header_strings_h=yes
ac_cv_header_sys_stat_h=yes
ac_cv_header_sys_types_h=yes
ac_cv_header_unistd_h=yes
ac_cv_host=x86_64-w64-mingw32
ac_cv_objext=o
ac_cv_path_EGREP='/usr/bin/grep -E'
ac_cv_path_FGREP='/usr/bin/grep -F'
ac_cv_path_GREP=/usr/bin/grep
ac_cv_path_SED=/usr/bin/sed
ac_cv_path_install='/usr/bin/install -c'
ac_cv_path_lt_DD=/usr/bin/dd
ac_cv_path_mkdir=/usr/bin/mkdir
ac_cv_prog_AR=x86_64-w64-mingw32-ar
ac_cv_prog_AS=x86_64-w64-mingw32-as
ac_cv_prog_AWK=gawk
ac_cv_prog_CC=x86_64-w64-mingw32-gcc
ac_cv_prog_CPP='x86_64-w64-mingw32-gcc -E'
ac_cv_prog_DLLTOOL=x86_64-w64-mingw32-dlltool
ac_cv_prog_OBJDUMP=x86_64-w64-mingw32-objdump
ac_cv_prog_RANLIB=x86_64-w64-mingw32-ranlib
ac_cv_prog_STRIP=x86_64-w64-mingw32-strip
ac_cv_prog_ac_ct_MANIFEST_TOOL=mt
ac_cv_prog_cc_c89=
ac_cv_prog_cc_c99=
ac_cv_prog_cc_g=yes
ac_cv_prog_cc_stdc=
ac_cv_prog_make_make_set=yes
ac_cv_target=x86_64-w64-mingw32
am_cv_CC_dependencies_compiler_type=gcc3
am_cv_ar_interface=ar
am_cv_make_support_nested_variables=yes
am_cv_prog_cc_c_o=yes
ijg_cv_have_prototypes=yes
ijg_cv_inline=__inline__
lt_cv_ar_at_file=@
lt_cv_archive_cmds_need_lc=yes
lt_cv_deplibs_check_method='file_magic ^x86 archive import|^x86 DLL'
lt_cv_file_magic_cmd=func_win32_libid
lt_cv_file_magic_test_file=
lt_cv_ld_reload_flag=-r
lt_cv_nm_interface='BSD nm'
lt_cv_objdir=.libs
lt_cv_path_LD=/usr/bin/x86_64-w64-mingw32-ld
lt_cv_path_NM='/usr/bin/x86_64-w64-mingw32-nm -B'
lt_cv_path_mainfest_tool=no
lt_cv_prog_compiler_c_o=yes
lt_cv_prog_compiler_pic='-DDLL_EXPORT -DPIC'
lt_cv_prog_compiler_pic_works=yes
lt_cv_prog_compiler_rtti_exceptions=no
lt_cv_prog_compiler_static_works=yes
lt_cv_prog_gnu_ld=yes
lt_cv_sharedlib_from_linklib_cmd=func_cygming_dll_for_implib
lt_cv_sys_global_symbol_pipe='sed -n -e '\''s/^.*[	 ]\([ABCDGIRSTW][ABCDGIRSTW]*\)[	 ][	 ]*\([_A-Za-z][_A-Za-z0-9]*\)$/\1 \2 \2/p'\'' | sed '\''/ __gnu_lto/d'\'''
lt_cv_sys_global_symbol_to_c_name_address='sed -n -e '\''s/^: \(.*\) .*$/  {"\1", (void *) 0},/p'\'' -e '\''s/^[ABCDGIRSTW][ABCDGIRSTW]* .* \(.*\)$/  {"\1", (void *) \&\1},/p'\'''
lt_cv_sys_global_symbol_to_c_name_address_lib_prefix='sed -n -e '\''s/^: \(.*\) .*$/  {"\1", (void *) 0},/p'\'' -e '\''s/^[ABCDGIRSTW][ABCDGIRSTW]* .* \(lib.*\)$/  {"\1", (void *) \&\1},/p'\'' -e '\''s/^[ABCDGIRSTW][ABCDGIRSTW]* .* \(.*\)$/  {"lib\1", (void *) \&\1},/p'\'''
lt_cv_sys_global_symbol_to_cdecl='sed -n -e '\''s/^T .* \(.*\)$/extern int \1();/p'\'' -e '\''s/^[ABCDGIRSTW][ABCDGIRSTW]* .* \(.*\)$/extern char \1;/p'\'''
lt_cv_sys_global_symbol_to_import=
lt_cv_sys_max_cmd_len=1572864
lt_cv_to_host_file_cmd=func_convert_file_nix_to_w32
lt_cv_to_tool_file_cmd=func_convert_file_noop
lt_cv_truncate_bin='/usr/bin/dd bs=4096 count=1'

## ----------------- ##
## Output variables. ##
## ----------------- ##

ACLOCAL='${SHELL} /home/eugene/trigger-rally-code-r1019/src/build/jpeg-9c/missing aclocal-1.15'
AMDEPBACKSLASH='\'
AMDEP_FALSE='#'
AMDEP_TRUE=''
AMTAR='$${TAR-tar}'
AM_BACKSLASH='\'
AM_DEFAULT_V='$(AM_DEFAULT_VERBOSITY)'
AM_DEFAULT_VERBOSITY='0'
AM_V='$(V)'
AR='x86_64-w64-mingw32-ar'
AS='x86_64-w64-mingw32-as'
AUTOCONF='${SHELL} /home/eugene/trigger-rally-code-r1019/src/build/jpeg-9c/missing autoconf'
AUTOHEADER='echo autoheader ignored'
AUTOMAKE='${SHELL} /home/eugene/trigger-rally-code-r1019/src/build/jpeg-9c/missing automake-1.15'
AWK='gawk'
CC='x86_64-w64-mingw32-gcc'
CCDEPMODE='depmode=gcc3'
CFLAGS='-march=x86-64 -mtune=generic -O2 -m64'
CPP='x86_64-w64-mingw32-gcc -E'
CPPFLAGS=''
CYGPATH_W='echo'
DEFS='-DHAVE_CONFIG_H'
DEPDIR='.deps'
DLLTOOL='x86_64-w64-mingw32-dlltool'
DSYMUTIL=''
DUMPBIN=''
ECHO_C=''
ECHO_N='-n'
ECHO_T=''
EGREP='/usr/bin/grep -E'
EXEEXT='.exe'
FGREP='/usr/bin/grep -F'
GREP='/usr/bin/grep'
HAVE_LD_VERSION_SCRIPT_FALSE='#'
HAVE_LD_VERSION_SCRIPT_TRUE=''
INSTALL_DATA='${INSTALL} -m 644'
INSTALL_PROGRAM='${INSTALL}'
INSTALL_SCRIPT='${INSTALL}'
INSTALL_STRIP_PROGRAM='$(install_sh) -c -s'
JPEG_LIB_VERSION='12:0:3'
LD='/usr/bin/x86_64-w64-mingw32-ld'
LDFLAGS='-m64'
LIBOBJS=''
LIBS=''
LIBTOOL='$(SHELL) $(top_builddir)/libtool'
LIPO=''
LN_S='ln -s'
LTLIBOBJS=''
LT_SYS_LIBRARY_PATH=''
MAINT='#'
MAINTAINER_MODE_FALSE=''
MAINTAINER_MODE_TRUE='#'
MAKEINFO='${SHELL} /home/eugene/trigger-rally-code-r1019/src/build/jpeg-9c/missing makeinfo'
MANIFEST_TOOL=':'
MEMORYMGR='jmemnobs'
MKDIR_P='/usr/bin/mkdir -p'
NM='/usr/bin/x86_64-w64-mingw32-nm -B'
NMEDIT=''
OBJDUMP='x86_64-w64-mingw32-objdump'
OBJEXT='o'
OTOOL64=''
OTOOL=''
PACKAGE='libjpeg'
PACKAGE_BUGREPORT=''
PACKAGE_NAME='libjpeg'
PACKAGE_STRING='libjpeg 9.3.0'
PACKAGE_TARNAME='libjpeg'
PACKAGE_URL=''
PACKAGE_VERSION='9.3.0'
PATH_SEPARATOR=':'
RANLIB='x86_64-w64-mingw32-ranlib'
SED='/usr/bin/sed'
SET_MAKE=''
SHELL='/bin/bash'
STRIP='x86_64-w64-mingw32-strip'
VERSION='9.3.0'
ac_ct_AR=''
ac_ct_CC=''
ac_ct_DUMPBIN=''
am__EXEEXT_FALSE='#'
am__EXEEXT_TRUE=''
am__fastdepCC_FALSE='#'
am__fastdepCC_TRUE=''
am__include='include'
am__isrc=''
am__leading_dot='.'
am__nodep='_no'
am__quote=''
am__tar='$${TAR-tar} chof - "$$tardir"'
am__untar='$${TAR-tar} xf -'
bindir='${exec_prefix}/bin'
build='x86_64-pc-linux-gnu'
build_alias=''
build_cpu='x86_64'
build_os='linux-gnu'
build_vendor='pc'
datadir='${datarootdir}'
datarootdir='${prefix}/share'
docdir='${datarootdir}/doc/${PACKAGE_TARNAME}'
dvidir='${docdir}'
exec_prefix='${prefix}'
host='x86_64-w64-mingw32'
host_alias='x86_64-w64-mingw32'
host_cpu='x86_64'
host_os='mingw32'
host_vendor='w64'
htmldir='${docdir}'
includedir='${prefix}/include'
infodir='${datarootdir}/info'
install_sh='${SHELL} /home/eugene/trigger-rally-code-r1019/src/build/jpeg-9c/install-sh'
libdir='${exec_prefix}/lib'
libexecdir='${exec_prefix}/libexec'
localedir='${datarootdir}/locale'
localstatedir='${prefix}/var'
mandir='${datarootdir}/man'
mkdir_p='$(MKDIR_P)'
oldincludedir='/usr/include'
pdfdir='${docdir}'
prefix='/home/eugene/trigger-win64-root'
program_transform_name='s,x,x,'
psdir='${docdir}'
sbindir='${exec_prefix}/sbin'
sharedstatedir='${prefix}/com'
sysconfdir='${prefix}/etc'
target='x86_64-w64-mingw32'
target_alias=''
target_cpu='x86_64'
target_os='mingw32'
target_vendor='w64'

## ----------- ##
## confdefs.h. ##
## ----------- ##

/* confdefs.h */
#define PACKAGE_NAME "libjpeg"
#define PACKAGE_TARNAME "libjpeg"
#define PACKAGE_VERSION "9.3.0"
#define PACKAGE_STRING "libjpeg 9.3.0"
#define PACKAGE_BUGREPORT ""
#define PACKAGE_URL ""
#define PACKAGE "libjpeg"
#define VERSION "9.3.0"
#define HAVE_PROTOTYPES 1
#define STDC_HEADERS 1
#define HAVE_SYS_TYPES_H 1
#define HAVE_SYS_STAT_H 1
#define HAVE_STDLIB_H 1
#define HAVE_STRING_H 1
#define HAVE_MEMORY_H 1
#define HAVE_STRINGS_H 1
#define HAVE_INTTYPES_H 1
#define HAVE_STDINT_H 1
#define HAVE_UNISTD_H 1
#define HAVE_STDDEF_H 1
#define HAVE_STDLIB_H 1
#define HAVE_LOCALE_H 1
#define HAVE_UNSIGNED_CHAR 1
#define HAVE_UNSIGNED_SHORT 1
#define INLINE __inline__
#define LT_OBJDIR ".libs/"

configure: exit 0
